// Bun Snapshot v1, https://bun.sh/docs/test/snapshots

exports[`bar chart snapshot 1`] = `
"    500┤                         ▇▇▇▇
       │                         ████
    400┤               ▇▇▇▇      ████
       │               ████      ████
       │               ████ ▇▇▇▇ ████
    300┤               ████ ████ ████
       │     ▇▇▇▇      ████ ████ ████
    200┤     ████      ████ ████ ████
       │     ████ ▇▇▇▇ ████ ████ ████
       │▇▇▇▇ ████ ████ ████ ████ ████"
`;
