// Bun Snapshot v1, https://bun.sh/docs/test/snapshots

exports[`candlestick chart snapshot 1`] = `
"    140┤                                    ███
       │                             │      ███
    130┤                         │   │  ███ ███
       │                        ███ ███ ███  │
       │                 │   │  ███ ███ ███
    120┤            ███ ███ ███ ███      │
       │     │      ███ ███ ███
    110┤ │   │  ███ ███  │   │
       │███ ███ ███  │
       │███ ███ ███
    100┤███      │
       │ │"
`;
